[    0.000000] Initializing cgroup subsys cpuset
[    0.000000] Initializing cgroup subsys cpu
[    0.000000] Initializing cgroup subsys cpuacct
[    0.000000] Linux version 4.4.0-130-generic (buildd@lgw01-amd64-039) (gcc version 5.4.0 20160609 (Ubuntu 5.4.0-6ubuntu1~16.04.9) ) #156-Ubuntu SMP Thu Jun 14 08:53:28 UTC 2018 (Ubuntu 4.4.0-130.156-generic 4.4.134)
[    0.000000] Command line: BOOT_IMAGE=/boot/vmlinuz-4.4.0-130-generic root=UUID=3a2c3257-9d6e-4f95-8248-6b8e172855ad ro console=tty1 console=ttyS0
[    0.000000] KERNEL supported cpus:
[    0.000000]   Intel GenuineIntel
[    0.000000]   AMD AuthenticAMD
[    0.000000]   Centaur CentaurHauls
[    0.000000] x86/fpu: xstate_offset[2]:  576, xstate_sizes[2]:  256
[    0.000000] x86/fpu: Supporting XSAVE feature 0x01: 'x87 floating point registers'
[    0.000000] x86/fpu: Supporting XSAVE feature 0x02: 'SSE registers'
[    0.000000] x86/fpu: Supporting XSAVE feature 0x04: 'AVX registers'
[    0.000000] x86/fpu: Enabled xstate features 0x7, context size is 832 bytes, using 'standard' format.
[    0.000000] x86/fpu: Using 'eager' FPU context switches.
[    0.000000] e820: BIOS-provided physical RAM map:
[    0.000000] BIOS-e820: [mem 0x0000000000000000-0x000000000009dfff] usable
[    0.000000] BIOS-e820: [mem 0x000000000009e000-0x000000000009ffff] reserved
[    0.000000] BIOS-e820: [mem 0x00000000000e0000-0x00000000000fffff] reserved
[    0.000000] BIOS-e820: [mem 0x0000000000100000-0x00000000efffffff] usable
[    0.000000] BIOS-e820: [mem 0x00000000fc000000-0x00000000ffffffff] reserved
[    0.000000] BIOS-e820: [mem 0x0000000100000000-0x00000003cfffffff] usable
[    0.000000] NX (Execute Disable) protection: active
[    0.000000] SMBIOS 2.7 present.
[    0.000000] Hypervisor detected: Xen
[    0.000000] Xen version 4.2.
[    0.000000] Netfront and the Xen platform PCI driver have been compiled for this kernel: unplug emulated NICs.
[    0.000000] Blkfront and the Xen platform PCI driver have been compiled for this kernel: unplug emulated disks.
[    0.000000] You might have to change the root device
[    0.000000] from /dev/hd[a-d] to /dev/xvd[a-d]
[    0.000000] in your root= kernel command line option
[    0.000000] e820: last_pfn = 0x3d0000 max_arch_pfn = 0x400000000
[    0.000000] x86/PAT: Configuration [0-7]: WB  WC  UC- UC  WB  WC  UC- WT
[    0.000000] e820: last_pfn = 0xf0000 max_arch_pfn = 0x400000000
[    0.000000] found SMP MP-table at [mem 0x000fbc50-0x000fbc5f] mapped at [ffff8800000fbc50]
[    0.000000] Scanning 1 areas for low memory corruption
[    0.000000] RAMDISK: [mem 0x361f0000-0x370effff]
[    0.000000] ACPI: Early table checksum verification disabled
[    0.000000] ACPI: RSDP 0x00000000000EA020 000024 (v02 Xen   )
[    0.000000] ACPI: XSDT 0x00000000FC00E2A0 000054 (v01 Xen    HVM      00000000 HVML 00000000)
[    0.000000] ACPI: FACP 0x00000000FC00DF60 0000F4 (v04 Xen    HVM      00000000 HVML 00000000)
[    0.000000] ACPI: DSDT 0x00000000FC0021C0 00BD19 (v02 Xen    HVM      00000000 INTL 20090123)
[    0.000000] ACPI: FACS 0x00000000FC002180 000040
[    0.000000] ACPI: FACS 0x00000000FC002180 000040
[    0.000000] ACPI: APIC 0x00000000FC00E060 0000D8 (v02 Xen    HVM      00000000 HVML 00000000)
[    0.000000] ACPI: HPET 0x00000000FC00E1B0 000038 (v01 Xen    HVM      00000000 HVML 00000000)
[    0.000000] ACPI: WAET 0x00000000FC00E1F0 000028 (v01 Xen    HVM      00000000 HVML 00000000)
[    0.000000] ACPI: SSDT 0x00000000FC00E220 000031 (v02 Xen    HVM      00000000 INTL 20090123)
[    0.000000] ACPI: SSDT 0x00000000FC00E260 000031 (v02 Xen    HVM      00000000 INTL 20090123)
[    0.000000] No NUMA configuration found
[    0.000000] Faking a node at [mem 0x0000000000000000-0x00000003cfffffff]
[    0.000000] NODE_DATA(0) allocated [mem 0x3cffef000-0x3cfff3fff]
[    0.000000] Zone ranges:
[    0.000000]   DMA      [mem 0x0000000000001000-0x0000000000ffffff]
[    0.000000]   DMA32    [mem 0x0000000001000000-0x00000000ffffffff]
[    0.000000]   Normal   [mem 0x0000000100000000-0x00000003cfffffff]
[    0.000000]   Device   empty
[    0.000000] Movable zone start for each node
[    0.000000] Early memory node ranges
[    0.000000]   node   0: [mem 0x0000000000001000-0x000000000009dfff]
[    0.000000]   node   0: [mem 0x0000000000100000-0x00000000efffffff]
[    0.000000]   node   0: [mem 0x0000000100000000-0x00000003cfffffff]
[    0.000000] Initmem setup node 0 [mem 0x0000000000001000-0x00000003cfffffff]
[    0.000000] ACPI: PM-Timer IO Port: 0xb008
[    0.000000] IOAPIC[0]: apic_id 1, version 17, address 0xfec00000, GSI 0-47
[    0.000000] ACPI: INT_SRC_OVR (bus 0 bus_irq 0 global_irq 2 dfl dfl)
[    0.000000] ACPI: INT_SRC_OVR (bus 0 bus_irq 5 global_irq 5 low level)
[    0.000000] ACPI: INT_SRC_OVR (bus 0 bus_irq 10 global_irq 10 low level)
[    0.000000] ACPI: INT_SRC_OVR (bus 0 bus_irq 11 global_irq 11 low level)
[    0.000000] Using ACPI (MADT) for SMP configuration information
[    0.000000] ACPI: HPET id: 0x8086a201 base: 0xfed00000
[    0.000000] smpboot: Allowing 15 CPUs, 7 hotplug CPUs
[    0.000000] PM: Registered nosave memory: [mem 0x00000000-0x00000fff]
[    0.000000] PM: Registered nosave memory: [mem 0x0009e000-0x0009ffff]
[    0.000000] PM: Registered nosave memory: [mem 0x000a0000-0x000dffff]
[    0.000000] PM: Registered nosave memory: [mem 0x000e0000-0x000fffff]
[    0.000000] PM: Registered nosave memory: [mem 0xf0000000-0xfbffffff]
[    0.000000] PM: Registered nosave memory: [mem 0xfc000000-0xffffffff]
[    0.000000] e820: [mem 0xf0000000-0xfbffffff] available for PCI devices
[    0.000000] Booting paravirtualized kernel on Xen HVM
[    0.000000] clocksource: refined-jiffies: mask: 0xffffffff max_cycles: 0xffffffff, max_idle_ns: 7645519600211568 ns
[    0.000000] setup_percpu: NR_CPUS:512 nr_cpumask_bits:512 nr_cpu_ids:15 nr_node_ids:1
[    0.000000] PERCPU: Embedded 34 pages/cpu @ffff8803c0200000 s99544 r8192 d31528 u262144
[    0.000000] PV qspinlock hash table entries: 256 (order: 0, 4096 bytes)
[    0.000000] Built 1 zonelists in Node order, mobility grouping on.  Total pages: 3870599
[    0.000000] Policy zone: Normal
[    0.000000] Kernel command line: BOOT_IMAGE=/boot/vmlinuz-4.4.0-130-generic root=UUID=3a2c3257-9d6e-4f95-8248-6b8e172855ad ro console=tty1 console=ttyS0
[    0.000000] PID hash table entries: 4096 (order: 3, 32768 bytes)
[    0.000000] Memory: 15380068K/15728244K available (8546K kernel code, 1313K rwdata, 4000K rodata, 1516K init, 1316K bss, 348176K reserved, 0K cma-reserved)
[    0.000000] SLUB: HWalign=64, Order=0-3, MinObjects=0, CPUs=15, Nodes=1
[    0.000000] Kernel/User page tables isolation: enabled
[    0.000000] Hierarchical RCU implementation.
[    0.000000] 	Build-time adjustment of leaf fanout to 64.
[    0.000000] 	RCU restricting CPUs from NR_CPUS=512 to nr_cpu_ids=15.
[    0.000000] RCU: Adjusting geometry for rcu_fanout_leaf=64, nr_cpu_ids=15
[    0.000000] NR_IRQS:33024 nr_irqs:952 16
[    0.000000] xen:events: Using 2-level ABI
[    0.000000] xen:events: Xen HVM callback vector for event delivery is enabled
[    0.000000] Console: colour VGA+ 80x25
[    0.000000] console [tty1] enabled
[    0.000000] Cannot get hvm parameter CONSOLE_EVTCHN (18): -22!
[    0.000000] console [ttyS0] enabled
[    0.000000] clocksource: hpet: mask: 0xffffffff max_cycles: 0xffffffff, max_idle_ns: 30580167144 ns
[    0.000000] tsc: Detected 2800.088 MHz processor
[    0.008000] Calibrating delay loop (skipped), value calculated using timer frequency.. 5600.17 BogoMIPS (lpj=11200352)
[    0.012003] pid_max: default: 32768 minimum: 301
[    0.016010] ACPI: Core revision 20150930
[    0.024070] ACPI: 3 ACPI AML tables successfully acquired and loaded
[    0.028837] Security Framework initialized
[    0.031887] Yama: becoming mindful.
[    0.032026] AppArmor: AppArmor initialized
[    0.036765] Dentry cache hash table entries: 2097152 (order: 12, 16777216 bytes)
[    0.048664] Inode-cache hash table entries: 1048576 (order: 11, 8388608 bytes)
[    0.056614] Mount-cache hash table entries: 32768 (order: 6, 262144 bytes)
[    0.060016] Mountpoint-cache hash table entries: 32768 (order: 6, 262144 bytes)
[    0.068231] Initializing cgroup subsys io
[    0.072006] Initializing cgroup subsys memory
[    0.076008] Initializing cgroup subsys devices
[    0.080004] Initializing cgroup subsys freezer
[    0.084004] Initializing cgroup subsys net_cls
[    0.088006] Initializing cgroup subsys perf_event
[    0.092004] Initializing cgroup subsys net_prio
[    0.096006] Initializing cgroup subsys hugetlb
[    0.100003] Initializing cgroup subsys pids
[    0.104050] CPU: Physical Processor ID: 0
[    0.108003] CPU: Processor Core ID: 0
[    0.112721] mce: CPU supports 2 MCE banks
[    0.116025] Last level iTLB entries: 4KB 512, 2MB 8, 4MB 8
[    0.120002] Last level dTLB entries: 4KB 512, 2MB 0, 4MB 0, 1GB 4
[    0.124003] Spectre V2 : Mitigation: Full generic retpoline
[    0.128003] Spectre V2 : Speculation control IBPB not-supported IBRS not-supported
[    0.136004] Speculative Store Bypass: Vulnerable
[    0.144851] Freeing SMP alternatives memory: 32K
[    0.154377] ftrace: allocating 32245 entries in 126 pages
[    0.200084] smpboot: APIC(0) Converting physical 0 to logical package 0
[    0.208003] smpboot: Max logical packages: 8
[    0.211654] x2apic: IRQ remapping doesn't support X2APIC mode
[    0.216003] Switched APIC routing to physical flat.
[    0.220000] ..TIMER: vector=0x30 apic1=0 pin1=2 apic2=0 pin2=0
[    0.265510] clocksource: xen: mask: 0xffffffffffffffff max_cycles: 0x1cd42e4dffb, max_idle_ns: 881590591483 ns
[    0.268019] installing Xen timer for CPU 0
[    0.272065] smpboot: CPU0: Intel(R) Xeon(R) CPU E5-2680 v2 @ 2.80GHz (family: 0x6, model: 0x3e, stepping: 0x4)
[    0.279709] cpu 0 spinlock event irq 53
[    0.280014] Performance Events: unsupported p6 CPU model 62 no PMU driver, software events only.
[    0.284790] NMI watchdog: disabled (cpu0): hardware events not enabled
[    0.288005] NMI watchdog: Shutting down hard lockup detector on all cpus
[    0.292082] installing Xen timer for CPU 1
[    0.295270] x86: Booting SMP configuration:
[    0.296007] .... node  #0, CPUs:        #1cpu 1 spinlock event irq 59
[    0.304103] installing Xen timer for CPU 2
[    0.307431]   #2cpu 2 spinlock event irq 65
[    0.312086] installing Xen timer for CPU 3
[    0.315566]   #3cpu 3 spinlock event irq 71
[    0.320125] installing Xen timer for CPU 4
[    0.323233]   #4cpu 4 spinlock event irq 77
[    0.328093] installing Xen timer for CPU 5
[    0.331240]   #5cpu 5 spinlock event irq 83
[    0.336086] installing Xen timer for CPU 6
[    0.339307]   #6cpu 6 spinlock event irq 89
[    0.344086] installing Xen timer for CPU 7
[    0.347164]   #7cpu 7 spinlock event irq 95
[    0.352028] x86: Booted up 1 node, 8 CPUs
[    0.355057] smpboot: Total of 8 processors activated (44801.40 BogoMIPS)
[    0.356683] devtmpfs: initialized
[    0.362285] evm: security.selinux
[    0.364006] evm: security.SMACK64
[    0.366615] evm: security.SMACK64EXEC
[    0.368004] evm: security.SMACK64TRANSMUTE
[    0.371174] evm: security.SMACK64MMAP
[    0.372005] evm: security.ima
[    0.374312] evm: security.capability
[    0.376163] clocksource: jiffies: mask: 0xffffffff max_cycles: 0xffffffff, max_idle_ns: 7645041785100000 ns
[    0.380033] futex hash table entries: 4096 (order: 6, 262144 bytes)
[    0.384136] pinctrl core: initialized pinctrl subsystem
[    0.387811] RTC time: 20:18:22, date: 08/12/18
[    0.388236] NET: Registered protocol family 16
[    0.400007] cpuidle: using governor ladder
[    0.412008] cpuidle: using governor menu
[    0.415556] PCCT header not found.
[    0.416073] ACPI: bus type PCI registered
[    0.419618] acpiphp: ACPI Hot Plug PCI Controller Driver version: 0.5
[    0.420335] PCI: Using configuration type 1 for base access
[    0.436161] ACPI: Added _OSI(Module Device)
[    0.440011] ACPI: Added _OSI(Processor Device)
[    0.443153] ACPI: Added _OSI(3.0 _SCP Extensions)
[    0.444005] ACPI: Added _OSI(Processor Aggregator Device)
[    0.452332] ACPI: Interpreter enabled
[    0.455312] ACPI: (supports S0 S3 S4 S5)
[    0.456005] ACPI: Using IOAPIC for interrupt routing
[    0.459503] PCI: Using host bridge windows from ACPI; if necessary, use "pci=nocrs" and report a bug
[    0.508596] ACPI: PCI Root Bridge [PCI0] (domain 0000 [bus 00-ff])
[    0.512013] acpi PNP0A03:00: _OSC: OS supports [ASPM ClockPM Segments MSI]
[    0.516012] acpi PNP0A03:00: _OSC failed (AE_NOT_FOUND); disabling ASPM
[    0.520014] acpi PNP0A03:00: fail to add MMCONFIG information, can't access extended PCI configuration space under this bridge.
[    0.525067] acpiphp: Slot [0] registered
[    0.528761] acpiphp: Slot [3] registered
[    0.532000] acpiphp: Slot [4] registered
[    0.532364] acpiphp: Slot [5] registered
[    0.535567] acpiphp: Slot [6] registered
[    0.536355] acpiphp: Slot [7] registered
[    0.539630] acpiphp: Slot [8] registered
[    0.540363] acpiphp: Slot [9] registered
[    0.543567] acpiphp: Slot [10] registered
[    0.544373] acpiphp: Slot [11] registered
[    0.547585] acpiphp: Slot [12] registered
[    0.548374] acpiphp: Slot [13] registered
[    0.551648] acpiphp: Slot [14] registered
[    0.552360] acpiphp: Slot [15] registered
[    0.555699] acpiphp: Slot [16] registered
[    0.556386] acpiphp: Slot [17] registered
[    0.559722] acpiphp: Slot [18] registered
[    0.560364] acpiphp: Slot [19] registered
[    0.563845] acpiphp: Slot [20] registered
[    0.564380] acpiphp: Slot [21] registered
[    0.567628] acpiphp: Slot [22] registered
[    0.568540] acpiphp: Slot [23] registered
[    0.572156] acpiphp: Slot [24] registered
[    0.575534] acpiphp: Slot [25] registered
[    0.576382] acpiphp: Slot [26] registered
[    0.579676] acpiphp: Slot [27] registered
[    0.580381] acpiphp: Slot [28] registered
[    0.583764] acpiphp: Slot [29] registered
[    0.584360] acpiphp: Slot [30] registered
[    0.587550] acpiphp: Slot [31] registered
[    0.588370] PCI host bridge to bus 0000:00
[    0.592008] pci_bus 0000:00: root bus resource [io  0x0000-0x0cf7 window]
[    0.596006] pci_bus 0000:00: root bus resource [io  0x0d00-0xffff window]
[    0.600006] pci_bus 0000:00: root bus resource [mem 0x000a0000-0x000bffff window]
[    0.604006] pci_bus 0000:00: root bus resource [mem 0xf0000000-0xfbffffff window]
[    0.608006] pci_bus 0000:00: root bus resource [bus 00-ff]
[    0.617218] pci 0000:00:01.1: legacy IDE quirk: reg 0x10: [io  0x01f0-0x01f7]
[    0.620007] pci 0000:00:01.1: legacy IDE quirk: reg 0x14: [io  0x03f6]
[    0.624005] pci 0000:00:01.1: legacy IDE quirk: reg 0x18: [io  0x0170-0x0177]
[    0.628005] pci 0000:00:01.1: legacy IDE quirk: reg 0x1c: [io  0x0376]
[    0.632699] * Found PM-Timer Bug on the chipset. Due to workarounds for a bug,
[    0.632699] * this clock source is slow. Consider trying other clock sources
[    0.637308] pci 0000:00:01.3: quirk: [io  0xb000-0xb03f] claimed by PIIX4 ACPI
[    0.649870] ACPI: PCI Interrupt Link [LNKA] (IRQs *5 10 11)
[    0.655450] ACPI: PCI Interrupt Link [LNKB] (IRQs 5 *10 11)
[    0.659514] ACPI: PCI Interrupt Link [LNKC] (IRQs 5 10 *11)
[    0.663471] ACPI: PCI Interrupt Link [LNKD] (IRQs *5 10 11)
[    0.687342] ACPI: Enabled 2 GPEs in block 00 to 0F
[    0.688108] xen:balloon: Initialising balloon driver
[    0.692027] xen_balloon: Initialising balloon driver
[    0.696057] vgaarb: setting as boot device: PCI:0000:00:02.0
[    0.700000] vgaarb: device added: PCI:0000:00:02.0,decodes=io+mem,owns=io+mem,locks=none
[    0.704006] vgaarb: loaded
[    0.706339] vgaarb: bridge control possible 0000:00:02.0
[    0.712245] SCSI subsystem initialized
[    0.716038] ACPI: bus type USB registered
[    0.716038] usbcore: registered new interface driver usbfs
[    0.720014] usbcore: registered new interface driver hub
[    0.724006] usbcore: registered new device driver usb
[    0.728092] PCI: Using ACPI for IRQ routing
[    0.732116] NetLabel: Initializing
[    0.734864] NetLabel:  domain hash size = 128
[    0.740005] NetLabel:  protocols = UNLABELED CIPSOv4
[    0.743716] NetLabel:  unlabeled traffic allowed by default
[    0.748052] HPET: 3 timers in total, 0 timers will be used for per-cpu timer
[    0.752018] hpet0: at MMIO 0xfed00000, IRQs 2, 8, 0
[    0.757601] hpet0: 3 comparators, 64-bit 62.500000 MHz counter
[    0.766045] amd_nb: Cannot enumerate AMD northbridges
[    0.768053] clocksource: Switched to clocksource xen
[    0.777667] AppArmor: AppArmor Filesystem Enabled
[    0.781387] pnp: PnP ACPI init
[    0.784026] system 00:00: [mem 0x00000000-0x0009ffff] could not be reserved
[    0.788944] system 00:01: [io  0x08a0-0x08a3] has been reserved
[    0.793171] system 00:01: [io  0x0cc0-0x0ccf] has been reserved
[    0.797579] system 00:01: [io  0x04d0-0x04d1] has been reserved
[    0.802132] system 00:07: [io  0x10c0-0x1141] has been reserved
[    0.806332] system 00:07: [io  0xb044-0xb047] has been reserved
[    0.829788] pnp: PnP ACPI: found 8 devices
[    0.840508] clocksource: acpi_pm: mask: 0xffffff max_cycles: 0xffffff, max_idle_ns: 2085701024 ns
[    0.847233] NET: Registered protocol family 2
[    0.850770] TCP established hash table entries: 131072 (order: 8, 1048576 bytes)
[    0.856433] TCP bind hash table entries: 65536 (order: 8, 1048576 bytes)
[    0.861459] TCP: Hash tables configured (established 131072 bind 65536)
[    0.866278] UDP hash table entries: 8192 (order: 6, 262144 bytes)
[    0.870907] UDP-Lite hash table entries: 8192 (order: 6, 262144 bytes)
[    0.875762] NET: Registered protocol family 1
[    0.879227] pci 0000:00:00.0: Limiting direct PCI/PCI transfers
[    0.883667] pci 0000:00:01.0: PIIX3: Enabling Passive Release
[    0.888042] pci 0000:00:01.0: Activating ISA DMA hang workarounds
[    0.892740] Unpacking initramfs...
[    1.094020] Freeing initrd memory: 15360K
[    1.097342] PCI-DMA: Using software bounce buffering for IO (SWIOTLB)
[    1.101957] software IO TLB [mem 0xec000000-0xf0000000] (64MB) mapped at [ffff8800ec000000-ffff8800efffffff]
[    1.109011] RAPL PMU detected, API unit is 2^-32 Joules, 3 fixed counters 163840 ms ovfl timer
[    1.115543] hw unit of domain pp0-core 2^-16 Joules
[    1.119501] hw unit of domain package 2^-16 Joules
[    1.123148] hw unit of domain dram 2^-16 Joules
[    1.126710] Scanning for low memory corruption every 60 seconds
[    1.131684] audit: initializing netlink subsys (disabled)
[    1.135885] audit: type=2000 audit(1534105102.885:1): initialized
[    1.140677] Initialise system trusted keyring
[    1.144323] HugeTLB registered 2 MB page size, pre-allocated 0 pages
[    1.150021] zbud: loaded
[    1.152653] VFS: Disk quotas dquot_6.6.0
[    1.155734] VFS: Dquot-cache hash table entries: 512 (order 0, 4096 bytes)
[    1.160707] squashfs: version 4.0 (2009/01/31) Phillip Lougher
[    1.165149] fuse init (API version 7.23)
[    1.168456] Key type big_key registered
[    1.171499] Allocating IMA MOK and blacklist keyrings.
[    1.176288] Key type asymmetric registered
[    1.179518] Asymmetric key parser 'x509' registered
[    1.183190] Block layer SCSI generic (bsg) driver version 0.4 loaded (major 249)
[    1.188917] io scheduler noop registered
[    1.192018] io scheduler deadline registered (default)
[    1.195766] io scheduler cfq registered
[    1.199169] pci_hotplug: PCI Hot Plug PCI Core version: 0.5
[    1.203477] pciehp: PCI Express Hot Plug Controller Driver version: 0.4
[    1.208472] input: Power Button as /devices/LNXSYSTM:00/LNXPWRBN:00/input/input0
[    1.214253] ACPI: Power Button [PWRF]
[    1.217353] input: Sleep Button as /devices/LNXSYSTM:00/LNXSLPBN:00/input/input1
[    1.223102] ACPI: Sleep Button [SLPF]
[    1.226472] GHES: HEST is not enabled!
[    1.230133] xen:grant_table: Grant tables using version 1 layout
[    1.234580] Grant table initialized
[    1.253879] Cannot get hvm parameter CONSOLE_EVTCHN (18): -22!
[    1.258203] Serial: 8250/16550 driver, 32 ports, IRQ sharing enabled
[    1.290984] 00:06: ttyS0 at I/O 0x3f8 (irq = 4, base_baud = 115200) is a 16550A
[    1.298644] Linux agpgart interface v0.103
[    1.304647] loop: module loaded
[    1.315629] scsi host0: ata_piix
[    1.317063] blkfront: xvda: barrier or flush: disabled; persistent grants: disabled; indirect descriptors: enabled;
[    1.318002]  xvda: xvda1
[    1.320200] blkfront: xvdb: flush diskcache: enabled; persistent grants: disabled; indirect descriptors: enabled;
[    1.322429] blkfront: xvdc: flush diskcache: enabled; persistent grants: disabled; indirect descriptors: enabled;
[    1.324252] blkfront: xvdf: barrier or flush: disabled; persistent grants: disabled; indirect descriptors: enabled;
[    1.325029]  xvdf: xvdf1
[    1.359558] scsi host1: ata_piix
[    1.362423] ata1: PATA max MWDMA2 cmd 0x1f0 ctl 0x3f6 bmdma 0xc100 irq 14
[    1.367437] ata2: PATA max MWDMA2 cmd 0x170 ctl 0x376 bmdma 0xc108 irq 15
[    1.372533] libphy: Fixed MDIO Bus: probed
[    1.377276] tun: Universal TUN/TAP device driver, 1.6
[    1.381187] tun: (C) 1999-2004 Max Krasnyansky <maxk@qualcomm.com>
[    1.385623] PPP generic driver version 2.4.2
[    1.388925] xen_netfront: Initialising Xen virtual ethernet driver
[    1.393490] ehci_hcd: USB 2.0 'Enhanced' Host Controller (EHCI) Driver
[    1.398142] ehci-pci: EHCI PCI platform driver
[    1.401540] ehci-platform: EHCI generic platform driver
[    1.405387] ohci_hcd: USB 1.1 'Open' Host Controller (OHCI) Driver
[    1.409793] ohci-pci: OHCI PCI platform driver
[    1.413152] ohci-platform: OHCI generic platform driver
[    1.416961] uhci_hcd: USB Universal Host Controller Interface driver
[    1.421425] i8042: PNP: PS/2 Controller [PNP0303:PS2K,PNP0f13:PS2M] at 0x60,0x64 irq 1,12
[    1.429203] serio: i8042 KBD port at 0x60,0x64 irq 1
[    1.432936] serio: i8042 AUX port at 0x60,0x64 irq 12
[    1.436934] mousedev: PS/2 mouse device common for all mice
[    1.441843] input: AT Translated Set 2 keyboard as /devices/platform/i8042/serio0/input/input2
[    1.448433] rtc_cmos 00:02: rtc core: registered rtc_cmos as rtc0
[    1.452896] rtc_cmos 00:02: alarms up to one day, 114 bytes nvram, hpet irqs
[    1.457720] i2c /dev entries driver
[    1.460650] device-mapper: uevent: version 1.0.3
[    1.464191] device-mapper: ioctl: 4.34.0-ioctl (2015-10-28) initialised: dm-devel@redhat.com
[    1.470249] ledtrig-cpu: registered to indicate activity on CPUs
[    1.474971] NET: Registered protocol family 10
[    1.478621] NET: Registered protocol family 17
[    1.482067] Key type dns_resolver registered
[    1.485744] registered taskstats version 1
[    1.488917] Loading compiled-in X.509 certificates
[    1.493153] Loaded X.509 cert 'Build time autogenerated kernel key: b3e0fe4bcd6378c38a2c0a4648abbc1fa5043a22'
[    1.500148] zswap: loaded using pool lzo/zbud
[    1.506033] Key type trusted registered
[    1.513299] Key type encrypted registered
[    1.516526] AppArmor: AppArmor sha1 policy hashing enabled
[    1.520699] ima: No TPM chip found, activating TPM-bypass!
[    1.524813] ima: Allocated hash algorithm: sha1
[    1.528398] evm: HMAC attrs: 0x1
[    1.531698] xenbus_probe_frontend: Device with no driver: device/pci/0
[    1.537173]   Magic number: 14:307:346
[    1.540586] tty tty63: hash matches
[    1.543887] rtc_cmos 00:02: setting system clock to 2018-08-12 20:18:23 UTC (1534105103)
[    1.550302] BIOS EDD facility v0.16 2004-Jun-25, 0 devices found
[    1.554792] EDD information not available.
[    1.559978] Freeing unused kernel memory: 1516K
[    1.592080] Write protecting the kernel read-only data: 14336k
[    1.596892] Freeing unused kernel memory: 1680K
[    1.600495] Freeing unused kernel memory: 96K
Loading, please wait...
starting version 229
[    1.617765] random: systemd-udevd: uninitialized urandom read (16 bytes read, 64 bits of entropy available)
[    1.618232] random: udevadm: uninitialized urandom read (16 bytes read, 64 bits of entropy available)
[    1.618254] random: udevadm: uninitialized urandom read (16 bytes read, 64 bits of entropy available)
[    1.626519] random: udevadm: uninitialized urandom read (16 bytes read, 65 bits of entropy available)
[    1.626562] random: udevadm: uninitialized urandom read (16 bytes read, 65 bits of entropy available)
[    1.627021] random: udevadm: uninitialized urandom read (16 bytes read, 65 bits of entropy available)
[    1.627078] random: udevadm: uninitialized urandom read (16 bytes read, 65 bits of entropy available)
[    1.627134] random: udevadm: uninitialized urandom read (16 bytes read, 65 bits of entropy available)
[    1.627184] random: udevadm: uninitialized urandom read (16 bytes read, 65 bits of entropy available)
[    1.627238] random: udevadm: uninitialized urandom read (16 bytes read, 65 bits of entropy available)
[    1.722558] FDC 0 is a S82078B
[    1.726346] ixgbevf: Intel(R) 10 Gigabit PCI Express Virtual Function Network Driver - version 2.12.1-k
[    1.734689] ixgbevf: Copyright (c) 2009 - 2015 Intel Corporation.
[    1.754384] ixgbevf 0000:00:03.0: 06:ee:5f:ad:4b:81
[    1.754420] AVX version of gcm_enc/dec engaged.
[    1.754421] AES CTR mode by8 optimization enabled
[    1.772887] ixgbevf 0000:00:03.0: MAC: 1
[    1.776745] ixgbevf 0000:00:03.0: Intel(R) 82599 Virtual Function
[    1.787342] ixgbevf 0000:00:03.0 ens3: renamed from eth0
[    2.124109] tsc: Refined TSC clocksource calibration: 2799.999 MHz
[    2.128648] clocksource: tsc: mask: 0xffffffffffffffff max_cycles: 0x285c3fb0b68, max_idle_ns: 440795224466 ns
[    2.784667] input: ImExPS/2 Generic Explorer Mouse as /devices/platform/i8042/serio1/input/input4
[    3.206356] random: nonblocking pool is initialized
Begin: Loading essential drivers ... [    3.312789] md: linear personality registered for level -1
[    3.319678] md: multipath personality registered for level -4
[    3.326898] md: raid0 personality registered for level 0
[    3.334066] md: raid1 personality registered for level 1
[    3.408076] raid6: sse2x1   gen()  8316 MB/s
[    3.476068] raid6: sse2x1   xor()  6614 MB/s
[    3.544071] raid6: sse2x2   gen() 10486 MB/s
[    3.612068] raid6: sse2x2   xor()  7402 MB/s
[    3.680066] raid6: sse2x4   gen() 12130 MB/s
[    3.748072] raid6: sse2x4   xor()  8900 MB/s
[    3.751303] raid6: using algorithm sse2x4 gen() 12130 MB/s
[    3.755792] raid6: .... xor() 8900 MB/s, rmw enabled
[    3.759734] raid6: using ssse3x2 recovery algorithm
[    3.764942] xor: automatically using best checksumming function:
[    3.808067]    avx       : 18688.000 MB/sec
[    3.812461] async_tx: api initialized (async)
[    3.822589] md: raid6 personality registered for level 6
[    3.826517] md: raid5 personality registered for level 5
[    3.830289] md: raid4 personality registered for level 4
[    3.839706] md: raid10 personality registered for level 10
done.
Begin: Running /scripts/init-premount ... done.
Begin: Mounting root file system ... Begin: Running /scripts/local-top ... done.
Begin: Running /scripts/local-premount ... [    3.873239] Btrfs loaded
Scanning for Btrfs filesystems
done.
Warning: fsck not present, so skipping root file system
[    8.921355] EXT4-fs (xvda1): INFO: recovery required on readonly filesystem
[    8.926601] EXT4-fs (xvda1): write access will be enabled during recovery
[    9.107420] EXT4-fs (xvda1): orphan cleanup on readonly fs
[    9.327612] EXT4-fs (xvda1): 47 orphan inodes deleted
[    9.331877] EXT4-fs (xvda1): recovery complete
[    9.416820] EXT4-fs (xvda1): mounted filesystem with ordered data mode. Opts: (null)
done.
Begin: Running /scripts/local-bottom ... done.
Begin: Running /scripts/init-bottom ... done.
[    9.700758] systemd[1]: systemd 229 running in system mode. (+PAM +AUDIT +SELINUX +IMA +APPARMOR +SMACK +SYSVINIT +UTMP +LIBCRYPTSETUP +GCRYPT +GNUTLS +ACL +XZ -LZ4 +SECCOMP +BLKID +ELFUTILS +KMOD -IDN)
[    9.712510] systemd[1]: Detected virtualization xen.
[    9.715995] systemd[1]: Detected architecture x86-64.

Welcome to [1mUbuntu 16.04.4 LTS[0m!

[    9.726834] systemd[1]: Set hostname to <frankfurt.co-design.science>.
[   10.036484] systemd[1]: cloud-init.service: Found ordering cycle on cloud-init.service/start
[   10.042632] systemd[1]: cloud-init.service: Found dependency on networking.service/start
[   10.048933] systemd[1]: cloud-init.service: Found dependency on local-fs.target/start
[   10.054634] systemd[1]: cloud-init.service: Found dependency on mnt-andreapub2.mount/start
[   10.060842] systemd[1]: cloud-init.service: Found dependency on mnt.mount/start
[   10.066300] systemd[1]: cloud-init.service: Found dependency on cloud-init.service/start
[   10.072244] systemd[1]: cloud-init.service: Breaking ordering cycle by deleting job networking.service/start
[   10.079035] systemd[1]: networking.service: Job networking.service/start deleted to break ordering cycle starting with cloud-init.service/start
[[0;1;31m SKIP [0m] Ordering cycle found, skipping Raise network interfaces
[   10.093292] systemd[1]: cloud-init.service: Found ordering cycle on cloud-init.service/start
[   10.099268] systemd[1]: cloud-init.service: Found dependency on cloud-init-local.service/start
[   10.105432] systemd[1]: cloud-init.service: Found dependency on open-vm-tools.service/start
[   10.111386] systemd[1]: cloud-init.service: Found dependency on local-fs.target/start
[   10.116999] systemd[1]: cloud-init.service: Found dependency on mnt-andreapub2.mount/start
[   10.122932] systemd[1]: cloud-init.service: Found dependency on mnt.mount/start
[   10.128222] systemd[1]: cloud-init.service: Found dependency on cloud-init.service/start
[   10.134004] systemd[1]: cloud-init.service: Breaking ordering cycle by deleting job cloud-init-local.service/start
[   10.140978] systemd[1]: cloud-init-local.service: Job cloud-init-local.service/start deleted to break ordering cycle starting with cloud-init.service/start
[[0;1;31m SKIP [0m] Ordering cycle found, skipping Initial cloud-init job (pre-networking)
[   10.157081] systemd[1]: Listening on Device-mapper event daemon FIFOs.
[[0;32m  OK  [0m] Listening on Device-mapper event daemon FIFOs.
[   10.166970] systemd[1]: Listening on udev Control Socket.
[[0;32m  OK  [0m] Listening on udev Control Socket.
[   10.175398] systemd[1]: Listening on Journal Socket.
[[0;32m  OK  [0m] Listening on Journal Socket.
[   10.183296] systemd[1]: Listening on Journal Socket (/dev/log).
[[0;32m  OK  [0m] Listening on Journal Socket (/dev/log).
[   10.192215] systemd[1]: Created slice System Slice.
[[0;32m  OK  [0m] Created slice System Slice.
[   10.228179] systemd[1]: Starting Uncomplicated firewall...
         Starting Uncomplicated firewall...
[   10.236617] systemd[1]: Starting Create list of required static device nodes for the current kernel...
         Starting Create list of required st... nodes for the current kernel...
[   10.248252] systemd[1]: Created slice system-serial\x2dgetty.slice.
[[0;32m  OK  [0m] Created slice system-serial\x2dgetty.slice.
[   10.257373] systemd[1]: Reached target Encrypted Volumes.
[[0;32m  OK  [0m] Reached target Encrypted Volumes.
[   10.266203] systemd[1]: Mounting POSIX Message Queue File System...
         Mounting POSIX Message Queue File System...
[   10.274589] systemd[1]: Reached target User and Group Name Lookups.
[[0;32m  OK  [0m] Reached target User and Group Name Lookups.
[   10.284367] systemd[1]: Starting Nameserver information manager...
         Starting Nameserver information manager...
[   10.293075] systemd[1]: Starting Set console keymap...
         Starting Set console keymap...
[   10.302590] systemd[1]: Starting Load Kernel Modules...
         Starting Load Kernel Modules...
[   10.311897] systemd[1]: Mounting Huge Pages File System...
         Mounting Huge Pages File System...
[   10.319701] systemd[1]: Listening on Journal Audit Socket.
[   10.324021] Loading iSCSI transport class v2.0-870.
[[0;32m  OK  [0m] Listening on Journal Audit Socket.
[   10.331187] systemd[1]: Listening on /dev/initctl Compatibility Named Pipe.
[[0;32m  OK  [0m] Listening on /dev/initctl Compatibility Named Pipe.
[   10.341120] systemd[1]: Listening on udev Kernel Socket.
[[0;32m  OK  [0m] Listening on ude[   10.347272] iscsi: registered transport (tcp)
v Kernel Socket.
[   10.351819] systemd[1]: Started Trigger resolvconf update for networkd DNS.
[[0;32m  OK  [0m] Started Trigger resolvconf update for networkd DNS.
[   10.362063] systemd[1]: Listening on fsck to fsckd communication Socket.
[[0;32m  OK  [0m] Listening on fsck to fsckd communication Socket.
[   10.372218] systemd[1]: Started Forward Password Requests to Wall Directory Watch.
[[0;32m  OK  [0m] Started Forward Password Requests to Wall Directory Watch.
[   10.383509] systemd[1]: Listening on Syslog Socket.
[[0;32m  OK  [0m] Listening on Syslog Socket.
[   10.406996] iscsi: registered transport (iser)
[   10.416208] systemd[1]: Starting Journal Service...
         Starting Journal Service...
[   10.423924] systemd[1]: Created slice system-systemd\x2dfsck.slice.
[[0;32m  OK  [0m] Created slice system-systemd\x2dfsck.slice.
[   10.432708] systemd[1]: Set up automount Arbitrary Executable File Formats File System Automount Point.
[[0;32m  OK  [0m] Set up automount Arbitrary Executab...ats File System Automount Point.
[   10.446796] systemd[1]: Mounting Debug File System...
         Mounting Debug File System...
[   10.453923] systemd[1]: Listening on LVM2 metadata daemon socket.
[[0;32m  OK  [0m] Listening on LVM2 metadata daemon socket.
[   10.463527] systemd[1]: Starting Monitoring of LVM2 mirrors, snapshots etc. using dmeventd or progress polling...
         Starting Monitoring of LVM2 mirrors... dmeventd or progress polling...
[   10.475484] systemd[1]: Listening on LVM2 poll daemon socket.
[[0;32m  OK  [0m] Listening on LVM2 poll daemon socket.
[   10.484774] systemd[1]: Created slice User and Session Slice.
[[0;32m  OK  [0m] Created slice User and Session Slice.
[   10.493681] systemd[1]: Reached target Slices.
[[0;32m  OK  [0m] Reached target Slices.
[   10.516192] systemd[1]: Starting Remount Root and Kernel File Systems...
         Starting Remount Root and Kernel File Systems...
[   10.524876] EXT4-fs (xvda1): re-mounted. Opts: discard
[   10.528754] systemd[1]: Starting Initial cloud-init job (metadata service crawler)...
         Starting Initial cloud-init job (metadata service crawler)...
[   10.541148] systemd[1]: Mounted POSIX Message Queue File System.
[[0;32m  OK  [0m] Mounted POSIX Message Queue File System.
[   10.549513] systemd[1]: Mounted Huge Pages File System.
[[0;32m  OK  [0m] Mounted Huge Pages File System.
[   10.558021] systemd[1]: Mounted Debug File System.
[[0;32m  OK  [0m] Mounted Debug File System.
[   10.566118] systemd[1]: Started Journal Service.
[[0;32m  OK  [0m] Started Journal Service.
[[0;32m  OK  [0m] Started Uncomplicated firewall.
[[0;32m  OK  [0m] Started Create list of required sta...ce nodes for the current kernel.
[[0;32m  OK  [0m] Started Set console keymap.
[[0;32m  OK  [0m] Started Load Kernel Modules.
[[0;32m  OK  [0m] Started Remount Root and Kernel File Systems.
[[0;32m  OK  [0m] Started Nameserver information manager.
[[0;32m  OK  [0m] Started LVM2 metadata daemon.
[[0;32m  OK  [0m] Reached target Network (Pre).
         Starting udev Coldplug all Devices...
         Starting Load/Save Random Seed...
         Mounting FUSE Control File System...
         Starting Apply Kernel Variables...
         Starting Create Static Device Nodes in /dev...
[[0;32m  OK  [0m] Reached target Network.
         Starting Flush Journal to Persistent Storage...
[[0;32m  OK  [0m] Mounted FUSE Control File System.
[[0;32m  OK  [0m] Started Load/Save Random Seed.
[[0;32m  OK  [0m] Started Apply Kernel Variables.
[[0;32m  OK  [0m] Started Create Static Device Nodes in /dev.
[[0;32m  OK  [0m] Started udev Coldplug all Devices.
[[0;32m  OK  [0m] Started Flush Journal to Persistent Storage.
         Starting udev Kernel Device Manager...
[[0;32m  OK  [0m] Started udev Kernel Device Manager.
[[0;32m  OK  [0m] Started Dispatch Password Requests to Console Directory Watch.
[[0;32m  OK  [0m] Found device /dev/ttyS0.
[[0;32m  OK  [0m] Listening on Load/Save RF Kill Switch Status /dev/rfkill Watch.
[[0;32m  OK  [0m] Started Monitoring of LVM2 mirrors,...ng dmeventd or progress polling.
[[0;32m  OK  [0m] Found device /dev/xvdb.
[[0;32m  OK  [0m] Reached target Local File Systems (Pre).
         Starting File System Check on /dev/xvdb...
[[0;32m  OK  [0m] Started File System Check on /dev/xvdb.
[[0;32m  OK  [0m] Started File System Check Daemon to report status.
[   12.210277] cloud-init[446]: Cloud-init v. 18.2 running 'init' at Sun, 12 Aug 2018 20:18:33 +0000. Up 11.89 seconds.
[   12.217089] cloud-init[446]: ci-info: +++++++++++++++++++++++++++Net device info++++++++++++++++++++++++++++
[   12.223605] cloud-init[446]: ci-info: +--------+-------+-----------+-----------+-------+-------------------+
[   12.229742] cloud-init[446]: ci-info: | Device |   Up  |  Address  |    Mask   | Scope |     Hw-Address    |
[   12.235854] cloud-init[446]: ci-info: +--------+-------+-----------+-----------+-------+-------------------+
[   12.241556] cloud-init[446]: ci-info: |  ens3  | False |     .     |     .     |   .   | 06:ee:5f:ad:4b:81 |
[   12.247256] cloud-init[446]: ci-info: |   lo   |  True | 127.0.0.1 | 255.0.0.0 |   .   |         .         |
[   12.253236] cloud-init[446]: ci-info: |   lo   |  True |  ::1/128  |     .     |  host |         .         |
[   12.259277] cloud-init[446]: ci-info: +--------+-------+-----------+-----------+-------+-------------------+
[[0;32m  OK  [0m] Started Initial cloud-init job (metadata service crawler).
[[0;32m  OK  [0m] Reached target Network is Online.
         Starting iSCSI initiator daemon (iscsid)...
         Mounting /mnt...
[[0;32m  OK  [0m] Reached target Cloud-config availability.
[[0;32m  OK  [0m] Mounted /mnt.
[[0;32m  OK  [0m] Started iSCSI initiator daemon (iscsid).
         Starting Login to default iSCSI targets...
         Mounting /tmp...
[[0;32m  OK  [0m] Mounted /tmp.
[[0;32m  OK  [0m] Started Login to default iSCSI targets.
[[0;32m  OK  [0m] Reached target Remote File Systems (Pre).
[[0;32m  OK  [0m] Reached target Remote File Systems.


[  [0;31m*[0;1;31m*[0m[0;31m* [0m] (2 of 2) A start job is running for...2f42f8ed.device (32s / 1min 30s)
[K[   [0;31m*[0;1;31m*[0m[0;31m*[0m] (2 of 2) A start job is running for...2f42f8ed.device (32s / 1min 30s)
[K[    [0;31m*[0;1;31m*[0m] (1 of 2) A start job is running for...dreapub2.device (33s / 1min 30s)
[K[     [0;31m*[0m] (1 of 2) A start job is running for...dreapub2.device (33s / 1min 30s)
[K[    [0;31m*[0;1;31m*[0m] (1 of 2) A start job is running for...dreapub2.device (34s / 1min 30s)
[K[   [0;31m*[0;1;31m*[0m[0;31m*[0m] (2 of 2) A start job is running for...2f42f8ed.device (34s / 1min 30s)
[K[  [0;31m*[0;1;31m*[0m[0;31m* [0m] (2 of 2) A start job is running for...2f42f8ed.device (35s / 1min 30s)
[K[ [0;31m*[0;1;31m*[0m[0;31m*  [0m] (2 of 2) A start job is running for...2f42f8ed.device (35s / 1min 30s)
[K[[0;31m*[0;1;31m*[0m[0;31m*   [0m] (1 of 2) A start job is running for...dreapub2.device (36s / 1min 30s)
[K[[0;1;31m*[0m[0;31m*    [0m] (1 of 2) A start job is running for...dreapub2.device (36s / 1min 30s)
[K[[0m[0;31m*     [0m] (1 of 2) A start job is running for...dreapub2.device (37s / 1min 30s)
[K[[0;1;31m*[0m[0;31m*    [0m] (2 of 2) A start job is running for...2f42f8ed.device (37s / 1min 30s)
[K[[0;31m*[0;1;31m*[0m[0;31m*   [0m] (2 of 2) A start job is running for...2f42f8ed.device (38s / 1min 30s)
[K[ [0;31m*[0;1;31m*[0m[0;31m*  [0m] (2 of 2) A start job is running for...2f42f8ed.device (38s / 1min 30s)
[K[  [0;31m*[0;1;31m*[0m[0;31m* [0m] (1 of 2) A start job is running for...dreapub2.device (39s / 1min 30s)
[K[   [0;31m*[0;1;31m*[0m[0;31m*[0m] (1 of 2) A start job is running for...dreapub2.device (39s / 1min 30s)
[K[    [0;31m*[0;1;31m*[0m] (1 of 2) A start job is running for...dreapub2.device (40s / 1min 30s)
[K[     [0;31m*[0m] (2 of 2) A start job is running for...2f42f8ed.device (40s / 1min 30s)
[K[    [0;31m*[0;1;31m*[0m] (2 of 2) A start job is running for...2f42f8ed.device (41s / 1min 30s)
[K[   [0;31m*[0;1;31m*[0m[0;31m*[0m] (2 of 2) A start job is running for...2f42f8ed.device (41s / 1min 30s)
[K[  [0;31m*[0;1;31m*[0m[0;31m* [0m] (1 of 2) A start job is running for...dreapub2.device (42s / 1min 30s)
[K[ [0;31m*[0;1;31m*[0m[0;31m*  [0m] (1 of 2) A start job is running for...dreapub2.device (42s / 1min 30s)
[K[[0;31m*[0;1;31m*[0m[0;31m*   [0m] (1 of 2) A start job is running for...dreapub2.device (43s / 1min 30s)
[K[[0;1;31m*[0m[0;31m*    [0m] (2 of 2) A start job is running for...2f42f8ed.device (43s / 1min 30s)
[K[[0m[0;31m*     [0m] (2 of 2) A start job is running for...2f42f8ed.device (44s / 1min 30s)
[K[[0;1;31m*[0m[0;31m*    [0m] (2 of 2) A start job is running for...2f42f8ed.device (44s / 1min 30s)
[K[[0;31m*[0;1;31m*[0m[0;31m*   [0m] (1 of 2) A start job is running for...dreapub2.device (45s / 1min 30s)
[K[ [0;31m*[0;1;31m*[0m[0;31m*  [0m] (1 of 2) A start job is running for...dreapub2.device (45s / 1min 30s)
[K[  [0;31m*[0;1;31m*[0m[0;31m* [0m] (1 of 2) A start job is running for...dreapub2.device (46s / 1min 30s)
[K[   [0;31m*[0;1;31m*[0m[0;31m*[0m] (2 of 2) A start job is running for...2f42f8ed.device (46s / 1min 30s)
[K[    [0;31m*[0;1;31m*[0m] (2 of 2) A start job is running for...2f42f8ed.device (47s / 1min 30s)
[K[     [0;31m*[0m] (2 of 2) A start job is running for...2f42f8ed.device (47s / 1min 30s)
[K[    [0;31m*[0;1;31m*[0m] (1 of 2) A start job is running for...dreapub2.device (48s / 1min 30s)
[K[   [0;31m*[0;1;31m*[0m[0;31m*[0m] (1 of 2) A start job is running for...dreapub2.device (48s / 1min 30s)
[K[  [0;31m*[0;1;31m*[0m[0;31m* [0m] (1 of 2) A start job is running for...dreapub2.device (49s / 1min 30s)
[K[ [0;31m*[0;1;31m*[0m[0;31m*  [0m] (2 of 2) A start job is running for...2f42f8ed.device (49s / 1min 30s)
[K[[0;31m*[0;1;31m*[0m[0;31m*   [0m] (2 of 2) A start job is running for...2f42f8ed.device (50s / 1min 30s)
[K[[0;1;31m*[0m[0;31m*    [0m] (2 of 2) A start job is running for...2f42f8ed.device (50s / 1min 30s)
[K[[0m[0;31m*     [0m] (1 of 2) A start job is running for...dreapub2.device (51s / 1min 30s)
[K[[0;1;31m*[0m[0;31m*    [0m] (1 of 2) A start job is running for...dreapub2.device (51s / 1min 30s)
[K[[0;31m*[0;1;31m*[0m[0;31m*   [0m] (1 of 2) A start job is running for...dreapub2.device (52s / 1min 30s)
[K[ [0;31m*[0;1;31m*[0m[0;31m*  [0m] (2 of 2) A start job is running for...2f42f8ed.device (52s / 1min 30s)
[K[  [0;31m*[0;1;31m*[0m[0;31m* [0m] (2 of 2) A start job is running for...2f42f8ed.device (53s / 1min 30s)
[K[   [0;31m*[0;1;31m*[0m[0;31m*[0m] (2 of 2) A start job is running for...2f42f8ed.device (53s / 1min 30s)
[K[    [0;31m*[0;1;31m*[0m] (1 of 2) A start job is running for...dreapub2.device (54s / 1min 30s)
[K[     [0;31m*[0m] (1 of 2) A start job is running for...dreapub2.device (54s / 1min 30s)
[K[    [0;31m*[0;1;31m*[0m] (1 of 2) A start job is running for...dreapub2.device (55s / 1min 30s)
[K[   [0;31m*[0;1;31m*[0m[0;31m*[0m] (2 of 2) A start job is running for...2f42f8ed.device (55s / 1min 30s)
[K[  [0;31m*[0;1;31m*[0m[0;31m* [0m] (2 of 2) A start job is running for...2f42f8ed.device (56s / 1min 30s)
[K[ [0;31m*[0;1;31m*[0m[0;31m*  [0m] (2 of 2) A start job is running for...2f42f8ed.device (56s / 1min 30s)
[K[[0;31m*[0;1;31m*[0m[0;31m*   [0m] (1 of 2) A start job is running for...dreapub2.device (57s / 1min 30s)
[K[[0;1;31m*[0m[0;31m*    [0m] (1 of 2) A start job is running for...dreapub2.device (57s / 1min 30s)
[K[[0m[0;31m*     [0m] (1 of 2) A start job is running for...dreapub2.device (58s / 1min 30s)
[K[[0;1;31m*[0m[0;31m*    [0m] (2 of 2) A start job is running for...2f42f8ed.device (58s / 1min 30s)
[K[[0;31m*[0;1;31m*[0m[0;31m*   [0m] (2 of 2) A start job is running for...2f42f8ed.device (59s / 1min 30s)
[K[ [0;31m*[0;1;31m*[0m[0;31m*  [0m] (2 of 2) A start job is running for...2f42f8ed.device (59s / 1min 30s)
[K[  [0;31m*[0;1;31m*[0m[0;31m* [0m] (1 of 2) A start job is running for...reapub2.device (1min / 1min 30s)
[K[   [0;31m*[0;1;31m*[0m[0;31m*[0m] (1 of 2) A start job is running for...reapub2.device (1min / 1min 30s)
[K[    [0;31m*[0;1;31m*[0m] (1 of 2) A start job is running for...pub2.device (1min 1s / 1min 30s)
[K[     [0;31m*[0m] (2 of 2) A start job is running for...f8ed.device (1min 1s / 1min 30s)
[K[    [0;31m*[0;1;31m*[0m] (2 of 2) A start job is running for...f8ed.device (1min 2s / 1min 30s)
[K[   [0;31m*[0;1;31m*[0m[0;31m*[0m] (2 of 2) A start job is running for...f8ed.device (1min 2s / 1min 30s)
[K[  [0;31m*[0;1;31m*[0m[0;31m* [0m] (1 of 2) A start job is running for...pub2.device (1min 3s / 1min 30s)
[K[ [0;31m*[0;1;31m*[0m[0;31m*  [0m] (1 of 2) A start job is running for...pub2.device (1min 3s / 1min 30s)
[K[[0;31m*[0;1;31m*[0m[0;31m*   [0m] (1 of 2) A start job is running for...pub2.device (1min 4s / 1min 30s)
[K[[0;1;31m*[0m[0;31m*    [0m] (2 of 2) A start job is running for...f8ed.device (1min 4s / 1min 30s)
[K[[0m[0;31m*     [0m] (2 of 2) A start job is running for...f8ed.device (1min 5s / 1min 30s)
[K[[0;1;31m*[0m[0;31m*    [0m] (2 of 2) A start job is running for...f8ed.device (1min 5s / 1min 30s)
[K[[0;31m*[0;1;31m*[0m[0;31m*   [0m] (1 of 2) A start job is running for...pub2.device (1min 6s / 1min 30s)
[K[ [0;31m*[0;1;31m*[0m[0;31m*  [0m] (1 of 2) A start job is running for...pub2.device (1min 6s / 1min 30s)
[K[  [0;31m*[0;1;31m*[0m[0;31m* [0m] (1 of 2) A start job is running for...pub2.device (1min 7s / 1min 30s)
[K[   [0;31m*[0;1;31m*[0m[0;31m*[0m] (2 of 2) A start job is running for...f8ed.device (1min 7s / 1min 30s)
[K[    [0;31m*[0;1;31m*[0m] (2 of 2) A start job is running for...f8ed.device (1min 8s / 1min 30s)
[K[     [0;31m*[0m] (2 of 2) A start job is running for...f8ed.device (1min 8s / 1min 30s)
[K[    [0;31m*[0;1;31m*[0m] (1 of 2) A start job is running for...pub2.device (1min 9s / 1min 30s)
[K[   [0;31m*[0;1;31m*[0m[0;31m*[0m] (1 of 2) A start job is running for...pub2.device (1min 9s / 1min 30s)
[K[  [0;31m*[0;1;31m*[0m[0;31m* [0m] (1 of 2) A start job is running for...ub2.device (1min 10s / 1min 30s)
[K[ [0;31m*[0;1;31m*[0m[0;31m*  [0m] (2 of 2) A start job is running for...8ed.device (1min 10s / 1min 30s)
[K[[0;31m*[0;1;31m*[0m[0;31m*   [0m] (2 of 2) A start job is running for...8ed.device (1min 11s / 1min 30s)
[K[[0;1;31m*[0m[0;31m*    [0m] (2 of 2) A start job is running for...8ed.device (1min 11s / 1min 30s)
[K[[0m[0;31m*     [0m] (1 of 2) A start job is running for...ub2.device (1min 12s / 1min 30s)
[K[[0;1;31m*[0m[0;31m*    [0m] (1 of 2) A start job is running for...ub2.device (1min 12s / 1min 30s)
[K[[0;31m*[0;1;31m*[0m[0;31m*   [0m] (1 of 2) A start job is running for...ub2.device (1min 13s / 1min 30s)
[K[ [0;31m*[0;1;31m*[0m[0;31m*  [0m] (2 of 2) A start job is running for...8ed.device (1min 13s / 1min 30s)
[K[  [0;31m*[0;1;31m*[0m[0;31m* [0m] (2 of 2) A start job is running for...8ed.device (1min 14s / 1min 30s)
[K[   [0;31m*[0;1;31m*[0m[0;31m*[0m] (2 of 2) A start job is running for...8ed.device (1min 14s / 1min 30s)
[K[    [0;31m*[0;1;31m*[0m] (1 of 2) A start job is running for...ub2.device (1min 15s / 1min 30s)
[K[     [0;31m*[0m] (1 of 2) A start job is running for...ub2.device (1min 15s / 1min 30s)
[K[    [0;31m*[0;1;31m*[0m] (1 of 2) A start job is running for...ub2.device (1min 16s / 1min 30s)
[K[   [0;31m*[0;1;31m*[0m[0;31m*[0m] (2 of 2) A start job is running for...8ed.device (1min 16s / 1min 30s)
[K[  [0;31m*[0;1;31m*[0m[0;31m* [0m] (2 of 2) A start job is running for...8ed.device (1min 17s / 1min 30s)
[K[ [0;31m*[0;1;31m*[0m[0;31m*  [0m] (2 of 2) A start job is running for...8ed.device (1min 17s / 1min 30s)
[K[[0;31m*[0;1;31m*[0m[0;31m*   [0m] (1 of 2) A start job is running for...ub2.device (1min 18s / 1min 30s)
[K[[0;1;31m*[0m[0;31m*    [0m] (1 of 2) A start job is running for...ub2.device (1min 18s / 1min 30s)
[K[[0m[0;31m*     [0m] (1 of 2) A start job is running for...ub2.device (1min 19s / 1min 30s)
[K[[0;1;31m*[0m[0;31m*    [0m] (2 of 2) A start job is running for...8ed.device (1min 19s / 1min 30s)
[K[[0;31m*[0;1;31m*[0m[0;31m*   [0m] (2 of 2) A start job is running for...8ed.device (1min 20s / 1min 30s)
[K[ [0;31m*[0;1;31m*[0m[0;31m*  [0m] (2 of 2) A start job is running for...8ed.device (1min 20s / 1min 30s)
[K[  [0;31m*[0;1;31m*[0m[0;31m* [0m] (1 of 2) A start job is running for...ub2.device (1min 21s / 1min 30s)
[K[   [0;31m*[0;1;31m*[0m[0;31m*[0m] (1 of 2) A start job is running for...ub2.device (1min 21s / 1min 30s)
[K[    [0;31m*[0;1;31m*[0m] (1 of 2) A start job is running for...ub2.device (1min 22s / 1min 30s)
[K[     [0;31m*[0m] (2 of 2) A start job is running for...8ed.device (1min 22s / 1min 30s)
[K[    [0;31m*[0;1;31m*[0m] (2 of 2) A start job is running for...8ed.device (1min 23s / 1min 30s)
[K[   [0;31m*[0;1;31m*[0m[0;31m*[0m] (2 of 2) A start job is running for...8ed.device (1min 23s / 1min 30s)
[K[  [0;31m*[0;1;31m*[0m[0;31m* [0m] (1 of 2) A start job is running for...ub2.device (1min 24s / 1min 30s)
[K[ [0;31m*[0;1;31m*[0m[0;31m*  [0m] (1 of 2) A start job is running for...ub2.device (1min 24s / 1min 30s)
[K[[0;31m*[0;1;31m*[0m[0;31m*   [0m] (1 of 2) A start job is running for...ub2.device (1min 25s / 1min 30s)
[K[[0;1;31m*[0m[0;31m*    [0m] (2 of 2) A start job is running for...8ed.device (1min 25s / 1min 30s)
[K[[0m[0;31m*     [0m] (2 of 2) A start job is running for...8ed.device (1min 26s / 1min 30s)
[K[[0;1;31m*[0m[0;31m*    [0m] (2 of 2) A start job is running for...8ed.device (1min 26s / 1min 30s)
[K[[0;31m*[0;1;31m*[0m[0;31m*   [0m] (1 of 2) A start job is running for...ub2.device (1min 27s / 1min 30s)
[K[ [0;31m*[0;1;31m*[0m[0;31m*  [0m] (1 of 2) A start job is running for...ub2.device (1min 27s / 1min 30s)
[K[  [0;31m*[0;1;31m*[0m[0;31m* [0m] (1 of 2) A start job is running for...ub2.device (1min 28s / 1min 30s)
[K[   [0;31m*[0;1;31m*[0m[0;31m*[0m] (2 of 2) A start job is running for...8ed.device (1min 28s / 1min 30s)
[K[    [0;31m*[0;1;31m*[0m] (2 of 2) A start job is running for...8ed.device (1min 29s / 1min 30s)
[K[     [0;31m*[0m] (2 of 2) A start job is running for...8ed.device (1min 29s / 1min 30s)
[K[    [0;31m*[0;1;31m*[0m] (1 of 2) A start job is running for...ub2.device (1min 30s / 1min 30s)
[K[[0;1;31m TIME [0m] Timed out waiting for device dev-disk-by\x2dlabel-andreapub2.device.
[[0;1;33mDEPEND[0m] Dependency failed for /mnt/andreapub2.
[[0;1;33mDEPEND[0m] Dependency failed for Local File Systems.
[[0;1;31m TIME [0m] Timed out waiting for device dev-di...\x2dbaab\x2d5aef2f42f8ed.device.
[[0;1;33mDEPEND[0m] Dependency failed for /dev/disk/by-...d3b-7705-4cb8-baab-5aef2f42f8ed.
[[0;1;33mDEPEND[0m] Dependency failed for Swap.
         Starting Set console font and keymap...
         Starting Enable support for additional executable binary formats...
[[0;32m  OK  [0m] Stopped Daily apt upgrade and clean activities.
[[0;32m  OK  [0m] Stopped Daily apt download activities.
[[0;32m  OK  [0m] Closed UUID daemon activation socket.
[[0;32m  OK  [0m] Stopped Timer to automatically fetch and run repair assertions.
[[0;32m  OK  [0m] Stopped Execute cloud user/final scripts.
[[0;32m  OK  [0m] Stopped target Graphical Interface.
[[0;32m  OK  [0m] Stopped Accounts Service.
[[0;32m  OK  [0m] Stopped Service for virtual machines hosted on VMware.
[[0;32m  OK  [0m] Stopped target Multi-User System.
[[0;32m  OK  [0m] Stopped LSB: Record successful boot for GRUB.
[[0;32m  OK  [0m] Stopped LSB: service and resource monitoring daemon.
[[0;32m  OK  [0m] Stopped Terminate Plymouth Boot Screen.
[[0;32m  OK  [0m] Stopped LSB: automatic crash report generation.
[[0;32m  OK  [0m] Stopped OpenBSD Secure Shell server.
[[0;32m  OK  [0m] Stopped LSB: Apache2 web server.
[[0;32m  OK  [0m] Stopped LSB: Monitor for system resources and process activity.
[[0;32m  OK  [0m] Stopped Regular background program processing daemon.
[[0;32m  OK  [0m] Stopped D-Bus System Message Bus.
[[0;32m  OK  [0m] Stopped LSB: Set the CPU Frequency Scaling governor to "ondemand".
[[0;32m  OK  [0m] Stopped Docker Application Container Engine.
[[0;32m  OK  [0m] Stopped LXD - container startup/shutdown.
[[0;32m  OK  [0m] Stopped getty on tty2-tty6 if dbus and logind are not available.
[[0;32m  OK  [0m] Stopped Apply the settings specified in cloud-config.
[[0;32m  OK  [0m] Reached target Cloud-init target.
[[0;32m  OK  [0m] Stopped A distributed, fault-tolerant Jabber/XMPP serve.
[[0;32m  OK  [0m] Stopped Erlang Port Mapper Daemon.
[[0;32m  OK  [0m] Stopped Daily Cleanup of Temporary Directories.
[[0;32m  OK  [0m] Closed Docker Socket for the API.
[[0;32m  OK  [0m] Stopped FUSE filesystem for LXC.
[[0;32m  OK  [0m] Closed Unix socket for apport crash forwarding.
[[0;32m  OK  [0m] Stopped Getty on tty1.
[[0;32m  OK  [0m] Stopped ACPI Events Check.
[[0;32m  OK  [0m] Stopped Authentication service for virtual machines hosted on VMware.
[[0;32m  OK  [0m] Stopped target Mail Transport Agent.
[[0;32m  OK  [0m] Stopped LSB: Postfix Mail Transport Agent.
[[0;32m  OK  [0m] Stopped MySQL Community Server.
[[0;32m  OK  [0m] Closed LXD - unix socket.
[[0;32m  OK  [0m] Stopped Pollinate to seed the pseudo random number generator.
[[0;32m  OK  [0m] Stopped LSB: Starts/stops the irc daemon.
[[0;32m  OK  [0m] Stopped Auto import assertions from block devices.
[[0;32m  OK  [0m] Stopped Snappy daemon.
[[0;32m  OK  [0m] Stopped Automatically repair incorr...ner/permissions on core devices.
[[0;32m  OK  [0m] Stopped Login Service.
[[0;32m  OK  [0m] Stopped LSB: Controls chronyd NTP time daemon.
[[0;32m  OK  [0m] Stopped LSB: disk temperature monitoring daemon.
[[0;32m  OK  [0m] Closed D-Bus System Message Bus Socket.
[[0;32m  OK  [0m] Stopped LSB: daemon to balance interrupts for SMP systems.
[[0;32m  OK  [0m] Stopped System Logging Service.
[[0;32m  OK  [0m] Closed Syslog Socket.
[[0;32m  OK  [0m] Stopped LSB: Set up cgroupfs mounts..
[[0;32m  OK  [0m] Stopped Run certbot twice daily.
[[0;32m  OK  [0m] Reached target Timers.
[[0;32m  OK  [0m] Stopped LSB: MD monitoring daemon.
[[0;32m  OK  [0m] Closed Erlang Port Mapper Daemon Activation Socket.
[[0;32m  OK  [0m] Stopped Unattended Upgrades Shutdown.
[[0;32m  OK  [0m] Closed ACPID Listen Socket.
[[0;32m  OK  [0m] Stopped Serial Getty on ttyS0.
[[0;32m  OK  [0m] Stopped Hold until boot process finishes up.
[[0;32m  OK  [0m] Stopped /etc/rc.local Compatibility.
[[0;32m  OK  [0m] Stopped Permit User Sessions.
         Starting Set console scheme...
[[0;32m  OK  [0m] Reached target Login Prompts.
[[0;32m  OK  [0m] Closed Socket activation for snappy daemon.
[[0;32m  OK  [0m] Stopped Deferred execution scheduler.
[[0;32m  OK  [0m] Stopped target Basic System.
[[0;32m  OK  [0m] Reached target Paths.
[[0;32m  OK  [0m] Reached target Sockets.
[[0;32m  OK  [0m] Stopped target System Initialization.
[[0;32m  OK  [0m] Started Emergency Shell.
         Starting Tell Plymouth To Write Out Runtime Data...
         Starting Create Volatile Files and Directories...
[[0;32m  OK  [0m] Reached target Emergency Mode.
         Starting LSB: AppArmor initialization...
[[0;32m  OK  [0m] Started Set console font and keymap.
[[0;32m  OK  [0m] Started Set console scheme.
[[0;32m  OK  [0m] Started Tell Plymouth To Write Out Runtime Data.
[[0;32m  OK  [0m] Started Create Volatile Files and Directories.
         Mounting Arbitrary Executable File Formats File System...
[[0;32m  OK  [0m] Reached target System Time Synchronized.
         Starting Update UTMP about System Boot/Shutdown...
[[0;32m  OK  [0m] Created slice system-getty.slice.
[[0;32m  OK  [0m] Mounted Arbitrary Executable File Formats File System.
[[0;32m  OK  [0m] Started Update UTMP about System Boot/Shutdown.
         Starting Update UTMP about System Runlevel Changes...
[[0;32m  OK  [0m] Started Enable support for additional executable binary formats.
[[0;32m  OK  [0m] Started Update UTMP about System Runlevel Changes.
[[0;32m  OK  [0m] Started LSB: AppArmor initialization.
[[0;32m  OK  [0m] Started ifup for ens3.
Welcome to emergency mode! After logging in, type "journalctl -xb" to view
system logs, "systemctl reboot" to reboot, "systemctl default" or ^D to
try again to boot into default mode.
Give root password for maintenance
(or press Control-D to continue):
